---
source: src/tui/dashboard.rs
expression: app.backend()
---
"                       yubitui -- YubiKey Management TUI                        "
"yubitui -- YubiKey Management TUI                                               "
"                                                                                "
"Global Keybindings                                                              "
"                                                                                "
"  • `1-9` Switch screen (Keys / Diagnostics / PIN / SSH / PIV / Help / OATH / FI"
"  • `r` Refresh YubiKey status and diagnostics                                  "
"  • `?` Toggle help / glossary                                                  "
"  • `q` / `Esc` Quit (from Dashboard) or go back                                "
"  • `m` / `Enter` Open navigation menu (Dashboard)                              "
"                                                                                "
"Key Management (Screen 1)                                                       "
"                                                                                "
"  • `v` View full card status                                                   "
"  • `i` Import existing key to card                                             "
"  • `g` Generate new key on card                                                "
"  • `e` Export SSH public key                                                   "
"  • `t` Set touch policy for a slot                                             "
"  • `Up` / `Down` Navigate slots                                                "
"  • `Enter` Execute selected operation                                          "
"                                                                                "
"PIN Management (Screen 3)                                                       "
"                                                                                "
"  Tab  Focus   Ctrl+P  Palette                                                  "
