---
source: src/tui/pin.rs
expression: terminal.backend()
---
"┌──────────────────────────────────────────────────────────────────────────────────────────────────────────────────────┐"
"│PIN Unblock Wizard                                                                                                    │"
"└──────────────────────────────────────────────────────────────────────────────────────────────────────────────────────┘"
"┌Status────────────────────────────────────────────────────────────────────────────────────────────────────────────────┐"
"│Current PIN status:                                                                                                   │"
"│                                                                                                                      │"
"│  User PIN retries:   3/3                                                                                             │"
"│  Admin PIN retries:  3/3                                                                                             │"
"│  Reset Code retries: 0/3                                                                                             │"
"│                                                                                                                      │"
"│                                                                                                                      │"
"│                                                                                                                      │"
"│                                                                                                                      │"
"│                                                                                                                      │"
"│                                                                                                                      │"
"│                                                                                                                      │"
"│                                                                                                                      │"
"│                                                                                                                      │"
"│                                                                                                                      │"
"│                                                                                                                      │"
"│                                                                                                                      │"
"│                                                                                                                      │"
"│                                                                                                                      │"
"│                                                                                                                      │"
"│                                                                                                                      │"
"│                                                                                                                      │"
"│                                                                                                                      │"
"│                                                                                                                      │"
"│                                                                                                                      │"
"│                                                                                                                      │"
"│                                                                                                                      │"
"└──────────────────────────────────────────────────────────────────────────────────────────────────────────────────────┘"
"┌Recovery Options──────────────────────────────────────────────────────────────────────────────────────────────────────┐"
"│[2] Unblock with Admin PIN                                                                                            │"
"│                                                                                                                      │"
"│[ESC] Cancel                                                                                                          │"
"│                                                                                                                      │"
"│                                                                                                                      │"
"│                                                                                                                      │"
"└──────────────────────────────────────────────────────────────────────────────────────────────────────────────────────┘"
