---
source: src/tui/oath.rs
expression: app.backend()
---
"                               Set OATH Password                                "
"                                                                                "
"> New password:                                                                 "
"  _                                                                             "
"                                                                                "
"  Confirm password:                                                             "
"  _                                                                             "
"                                                                                "
"  Tab  Focus   Ctrl+P  Palette                                                  "
"                                                                                "
"                                                                                "
"                                                                                "
"                                                                                "
"                                                                                "
"                                                                                "
"                                                                                "
"                                                                                "
"                                                                                "
"                                                                                "
"                                                                                "
"                                                                                "
"                                                                                "
"                                                                                "
"                                                                                "
