---
source: src/tui/onboarding.rs
expression: app.backend()
---
"                               Welcome to yubitui                               "
"                                                                                "
"Your YubiKey appears to be factory-default. Here's what you can set up:         "
"                                                                                "
"☐ Set a FIDO2 PIN — required for passkey login                                  "
"☐ Add OATH accounts — TOTP/HOTP codes on hardware                               "
"☐ Configure PIV — smart card certificates for login/VPN                         "
"☐ Set up OpenPGP — git signing, email encryption, SSH                           "
"                                                                                "
"Press Enter to continue to the dashboard.                                       "
"     Toggle   Tab  Focus   Ctrl+P  Palette                                      "
"                                                                                "
"                                                                                "
"                                                                                "
"                                                                                "
"                                                                                "
"                                                                                "
"                                                                                "
"                                                                                "
"                                                                                "
"                                                                                "
"                                                                                "
"                                                                                "
"                                                                                "
