---
source: src/tui/help.rs
expression: app.backend()
---
"                       yubitui -- YubiKey Management TUI                        "
"yubitui -- YubiKey Management TUI                                               "
"                                                                                "
"Global Keybindings                                                              "
"  Tab  Focus   Ctrl+P  Palette                                                  "
"                                                                                "
"                                                                                "
"                                                                                "
"                                                                                "
"                                                                                "
"                                                                                "
"                                                                                "
"                                                                                "
"                                                                                "
"                                                                                "
"                                                                                "
"                                                                                "
"                                                                                "
"                                                                                "
"                                                                                "
"                                                                                "
"                                                                                "
"                                                                                "
"                                                                                "
