---
source: src/tui/keys.rs
expression: app.backend()
---
"                                 Key Management                                 "
"No keys configured                                                              "
"Generate or import keys using the buttons below.                                "
"                                                                                "
"  g  Generate Key on Card                                                       "
"  i  Import Existing Key                                                        "
"  v  View Full Key Details                                                      "
"  e  Export SSH Public Key                                                      "
"  k  Key Attributes                                                             "
"  t  Touch Policy                                                               "
"  a  Attestation                                                                "
"  Tab  Focus   Ctrl+P  Palette                                                  "
"                                                                                "
"                                                                                "
"                                                                                "
"                                                                                "
"                                                                                "
"                                                                                "
"                                                                                "
"                                                                                "
"                                                                                "
"                                                                                "
"                                                                                "
"                                                                                "
