---
source: src/tui/oath.rs
expression: app.backend()
---
"                              Remove OATH Password                              "
"                                                                                "
"Enter current password to confirm removal:                                      "
"                                                                                "
"> _                                                                             "
"                                                                                "
"  Tab  Focus   Ctrl+P  Palette                                                  "
"                                                                                "
"                                                                                "
"                                                                                "
"                                                                                "
"                                                                                "
"                                                                                "
"                                                                                "
"                                                                                "
"                                                                                "
"                                                                                "
"                                                                                "
"                                                                                "
"                                                                                "
"                                                                                "
"                                                                                "
"                                                                                "
"                                                                                "
