---
source: src/tui/oath.rs
expression: app.backend()
---
"                                OATH Credentials                                "
"                                                                                "
"OATH applet is password-protected.                                              "
"Password management is not yet supported (deferred to v2).                      "
"Use 'ykman oath access change' to remove the password, then retry.              "
"                                                                                "
"  Tab  Focus   Ctrl+P  Palette                                                  "
"                                                                                "
"                                                                                "
"                                                                                "
"                                                                                "
"                                                                                "
"                                                                                "
"                                                                                "
"                                                                                "
"                                                                                "
"                                                                                "
"                                                                                "
"                                                                                "
"                                                                                "
"                                                                                "
"                                                                                "
"                                                                                "
"                                                                                "
