---
source: src/tui/fido2.rs
expression: app.backend()
---
"▎                             FIDO2 / Security Key                              "
"▎                                                                               "
"No YubiKey detected. Insert your YubiKey and press Esc to return.               "
"▎                                                                               "
"▎ Esc  Esc Back   s  S PIN   d  D Delete   r  R Reset   p  P Unlock   ?  ? Help "
"▎                                                                               "
"▎                                                                               "
"▎                                                                               "
"▎                                                                               "
"▎                                                                               "
"▎                                                                               "
"▎                                                                               "
"▎                                                                               "
"▎                                                                               "
"▎                                                                               "
"▎                                                                               "
"▎                                                                               "
"▎                                                                               "
"▎                                                                               "
"▎                                                                               "
"▎                                                                               "
"▎                                                                               "
"▎                                                                               "
"▎                                                                               "
