---
source: src/tui/fido2.rs
expression: app.backend()
---
"▎                             FIDO2 / Security Key                              "
"▎                                                                               "
"Firmware: 5.4.3                                                                 "
"Algorithms: ES256, EdDSA                                                        "
"PIN: Not set                                                                    "
"▎                                                                               "
"No PIN configured -- press S to set one.                                        "
"▎                                                                               "
"▎ Esc  Esc Back   s  S PIN   d  D Delete   r  R Reset   p  P Unlock   ?  ? Help "
"▎                                                                               "
"▎                                                                               "
"▎                                                                               "
"▎                                                                               "
"▎                                                                               "
"▎                                                                               "
"▎                                                                               "
"▎                                                                               "
"▎                                                                               "
"▎                                                                               "
"▎                                                                               "
"▎                                                                               "
"▎                                                                               "
"▎                                                                               "
"▎                                                                               "
