---
source: src/tui/pin.rs
expression: app.backend()
---
"                                 PIN Management                                 "
"▀▀▀▀▀▀▀▀▀▀▀▀▀▀▀▀▀▀▀▀▀▀▀▀▀▀▀▀▀▀▀▀▀▀▀▀▀▀▀▀▀▀▀▀▀▀▀▀▀▀▀▀▀▀▀▀▀▀▀▀▀▀▀▀▀▀▀▀▀▀▀▀▀▀▀▀▀▀▀▀"
"▐ User PIN: Working (3/3 attempts remaining)                                   ▌"
"▐ Admin PIN: Working (3/3 attempts remaining)                                  ▌"
"▐ Reset Code: Not set                                                          ▌"
"▄▄▄▄▄▄▄▄▄▄▄▄▄▄▄▄▄▄▄▄▄▄▄▄▄▄▄▄▄▄▄▄▄▄▄▄▄▄▄▄▄▄▄▄▄▄▄▄▄▄▄▄▄▄▄▄▄▄▄▄▄▄▄▄▄▄▄▄▄▄▄▄▄▄▄▄▄▄▄▄"
"                                                                                "
"                                                                                "
"▁▁▁▁▁▁▁▁▁▁▁▁▁▁▁▁ ▁▁▁▁▁▁▁▁▁▁▁▁▁▁▁▁                                               "
"▎Change User PI▕ ▎Change Admin P▕                                               "
"▔▔▔▔▔▔▔▔▔▔▔▔▔▔▔▔ ▔▔▔▔▔▔▔▔▔▔▔▔▔▔▔▔                                               "
"▁▁▁▁▁▁▁▁▁▁▁▁▁▁▁▁ ▁▁▁▁▁▁▁▁▁▁▁▁▁▁▁▁                                               "
"▎Set Reset Code▕ ▎Unblock PIN (W▕                                               "
"▔▔▔▔▔▔▔▔▔▔▔▔▔▔▔▔ ▔▔▔▔▔▔▔▔▔▔▔▔▔▔▔▔                                               "
"  Tab  Focus   Ctrl+P  Palette                                                  "
"                                                                                "
"                                                                                "
"                                                                                "
"                                                                                "
"                                                                                "
"                                                                                "
"                                                                                "
"                                                                                "
"                                                                                "
