---
source: src/tui/pin.rs
expression: terminal.backend()
---
"┌──────────────────────────────────────────────────────────────────────────────────────────────────────────────────────┐"
"│PIN Management                                                                                                        │"
"└──────────────────────────────────────────────────────────────────────────────────────────────────────────────────────┘"
"┌Status────────────────────────────────────────────────────────────────────────────────────────────────────────────────┐"
"│User PIN: 3/3 retries OK                                                                                              │"
"│                                                                                                                      │"
"│Admin PIN: 3/3 retries OK                                                                                             │"
"│                                                                                                                      │"
"│Reset Code: Not set                                                                                                   │"
"│                                                                                                                      │"
"│                                                                                                                      │"
"│                                                                                                                      │"
"│                                                                                                                      │"
"│                                                                                                                      │"
"│                                                                                                                      │"
"│                                                                                                                      │"
"│                                                                                                                      │"
"│                                                                                                                      │"
"│                                                                                                                      │"
"│                                                                                                                      │"
"│                                                                                                                      │"
"│                                                                                                                      │"
"│                                                                                                                      │"
"│                                                                                                                      │"
"│                                                                                                                      │"
"│                                                                                                                      │"
"│                                                                                                                      │"
"│                                                                                                                      │"
"│                                                                                                                      │"
"└──────────────────────────────────────────────────────────────────────────────────────────────────────────────────────┘"
"┌Actions───────────────────────────────────────────────────────────────────────────────────────────────────────────────┐"
"│[C] Change User PIN                                                                                                   │"
"│[A] Change Admin PIN                                                                                                  │"
"│[R] Set Reset Code                                                                                                    │"
"│[U] Unblock User PIN (Wizard)                                                                                         │"
"│                                                                                                                      │"
"│[ESC] Back to Dashboard                                                                                               │"
"│                                                                                                                      │"
"│                                                                                                                      │"
"└──────────────────────────────────────────────────────────────────────────────────────────────────────────────────────┘"
