---
source: src/tui/dashboard.rs
expression: app.backend()
---
"                         yubitui -- YubiKey Management                          "
"Device: YubiKey 5 NFC USB-A | Firmware: 5.4.3 | Serial: 12345678                "
"PIN: 3/3 retries [OK]  Admin: 3/3 retries [OK]                                  "
"Keys: Sign=Set Encrypt=Set Auth=Set                                             "
"Device ready                                                                    "
"                                                                                "
"  [1] Open Keys                                                                 "
"  [2] Diagnostics                                                               "
"  [3] PIN Management                                                            "
"  [4] SSH Setup                                                                 "
"  [5] PIV Certificates                                                          "
"  [6] Help                                                                      "
"  [7] OATH / Authenticator                                                      "
"  [8] FIDO2 / Security Key                                                      "
"  [9] OTP Slots                                                                 "
"  Tab  Focus   Ctrl+P  Palette                                                  "
"                                                                                "
"                                                                                "
"                                                                                "
"                                                                                "
"                                                                                "
"                                                                                "
"                                                                                "
"                                                                                "
