---
source: src/tui/glossary.rs
expression: app.backend()
---
"                               Protocol Glossary                                "
"Protocol Glossary                                                               "
"                                                                                "
"PIV (Personal Identity Verification)                                            "
"  Tab  Focus   Ctrl+P  Palette                                                  "
"                                                                                "
"                                                                                "
"                                                                                "
"                                                                                "
"                                                                                "
"                                                                                "
"                                                                                "
"                                                                                "
"                                                                                "
"                                                                                "
"                                                                                "
"                                                                                "
"                                                                                "
"                                                                                "
"                                                                                "
"                                                                                "
"                                                                                "
"                                                                                "
"                                                                                "
