---
source: src/tui/keys.rs
expression: terminal.backend()
---
"┌──────────────────────────────────────────────────────────────────────────────────────────────────────────────────────┐"
"│Key Management                                                                                                        │"
"└──────────────────────────────────────────────────────────────────────────────────────────────────────────────────────┘"
"┌Keys on Card──────────────────────────────────────────────────────────────────────────────────────────────────────────┐"
"│Signature:      A1B2C3D4E5F6A7B8...                                                                                   │"
"│Encryption:     B2C3D4E5F6A7B8C9...                                                                                   │"
"│Authentication: C3D4E5F6A7B8C9D0...                                                                                   │"
"│                                                                                                                      │"
"│Touch Policies:                                                                                                       │"
"│  Signature:      On                                                                                                  │"
"│  Encryption:     Off                                                                                                 │"
"│  Authentication: On                                                                                                  │"
"│  Attestation:    Off                                                                                                 │"
"│                                                                                                                      │"
"│                                                                                                                      │"
"│                                                                                                                      │"
"│                                                                                                                      │"
"│                                                                                                                      │"
"│                                                                                                                      │"
"│                                                                                                                      │"
"│                                                                                                                      │"
"│                                                                                                                      │"
"│                                                                                                                      │"
"│                                                                                                                      │"
"│                                                                                                                      │"
"└──────────────────────────────────────────────────────────────────────────────────────────────────────────────────────┘"
"┌Actions───────────────────────────────────────────────────────────────────────────────────────────────────────────────┐"
"│[V] View full key details                                                                                             │"
"│[I] Import existing key to card                                                                                       │"
"│[G] Generate new key on card                                                                                          │"
"│[E] Export SSH public key                                                                                             │"
"│[K] Key attributes  [S] SSH pubkey                                                                                    │"
"│[T] Touch policy  [A] Attestation                                                                                     │"
"│                                                                                                                      │"
"│[ESC] Back to Dashboard                                                                                               │"
"│                                                                                                                      │"
"│                                                                                                                      │"
"│                                                                                                                      │"
"│                                                                                                                      │"
"└──────────────────────────────────────────────────────────────────────────────────────────────────────────────────────┘"
