---
source: src/tui/ssh.rs
expression: terminal.backend()
---
"┌──────────────────────────────────────────────────────────────────────────────────────────────────────────────────────┐"
"│🔧 SSH Setup Wizard                                                                                                   │" Hidden by multi-width symbols: [(2, " ")]
"└──────────────────────────────────────────────────────────────────────────────────────────────────────────────────────┘"
"┌📊 Status─────────────────────────────────────────────────────────────────────────────────────────────────────────────┐" Hidden by multi-width symbols: [(2, " ")]
"│Setup Progress:                                                                                                       │"
"│                                                                                                                      │"
"│❌ SSH support enabled in gpg-agent.conf                                                                              │" Hidden by multi-width symbols: [(2, " ")]
"│❌ SSH_AUTH_SOCK configured in shell                                                                                  │" Hidden by multi-width symbols: [(2, " ")]
"│⚠️  GPG agent running                                                                                                 │" Hidden by multi-width symbols: [(2, " ")]
"│                                                                                                                      │"
"│                                                                                                                      │"
"│                                                                                                                      │"
"│                                                                                                                      │"
"│                                                                                                                      │"
"│                                                                                                                      │"
"│                                                                                                                      │"
"│                                                                                                                      │"
"│                                                                                                                      │"
"│                                                                                                                      │"
"│                                                                                                                      │"
"│                                                                                                                      │"
"│                                                                                                                      │"
"│                                                                                                                      │"
"│                                                                                                                      │"
"│                                                                                                                      │"
"└──────────────────────────────────────────────────────────────────────────────────────────────────────────────────────┘"
"┌⌨️  Actions───────────────────────────────────────────────────────────────────────────────────────────────────────────┐" Hidden by multi-width symbols: [(2, " ")]
"│[1] Enable SSH support in gpg-agent.conf                                                                              │"
"│[2] Configure SSH_AUTH_SOCK in shell                                                                                  │"
"│[3] Restart GPG agent                                                                                                 │"
"│[4] Export SSH public key                                                                                             │"
"│[5] Test SSH connection                                                                                               │"
"│                                                                                                                      │"
"│[R] Refresh status                                                                                                    │"
"│[ESC] Back to Dashboard                                                                                               │"
"│                                                                                                                      │"
"│                                                                                                                      │"
"│                                                                                                                      │"
"│                                                                                                                      │"
"└──────────────────────────────────────────────────────────────────────────────────────────────────────────────────────┘"
