---
source: src/tui/fido2.rs
expression: app.backend()
---
"                              FIDO2 / Security Key                              "
"                                                                                "
"Firmware: 5.4.3                                                                 "
"Algorithms: ES256, EdDSA                                                        "
"PIN: Set (8 retries remaining)                                                  "
"                                                                                "
"Passkeys (2)                                                                    "
"  > github.com                      user@example.com                            "
"    google.com                      user@gmail.com                              "
"                                                                                "
"  Tab  Focus   Ctrl+P  Palette                                                  "
"                                                                                "
"                                                                                "
"                                                                                "
"                                                                                "
"                                                                                "
"                                                                                "
"                                                                                "
"                                                                                "
"                                                                                "
"                                                                                "
"                                                                                "
"                                                                                "
"                                                                                "
