---
source: src/tui/otp.rs
expression: app.backend()
---
"                                   OTP Slots                                    "
"OTP Slot Configuration                                                          "
"                                                                                "
"┏━━━━━━━━━━━━━━━━━━━━━━━━━━━━━━━━━━━━━━━━━━━━━━━━━━━━━━━━━━━━━━━━━━━━━━━━━━━━━━┓"
"┃Status     │ Slot                      │ Configuration                        ┃"
"┃━━━━━━━━━━━┿━━━━━━━━━━━━━━━━━━━━━━━━━━━┿━━━━━━━━━━━━━━━━━━━━━━━━━━            ┃"
"┃✓ Set      │ Slot 1 (short touch)      │ Configured                           ┃"
"┗━━━━━━━━━━━━━━━━━━━━━━━━━━━━━━━━━━━━━━━━━━━━━━━━━━━━━━━━━━━━━━━━━━━━━━━━━━━━━━┛"
"                                                                                "
"Note: Credential type (Yubico OTP, HMAC-SHA1, static password)                  "
"cannot be read back from hardware — only occupied/empty is detectable.          "
"                                                                                "
"┏━━━━━━━━━━━━━━━━━━━━━━━━━━━━━━━━━━━━━━━━━━━━━━━━━━━━━━━━━━━━━━━━━━━━━━━━━━━━━━┓"
"┃                                 Refresh (R)                                  ┃"
"┗━━━━━━━━━━━━━━━━━━━━━━━━━━━━━━━━━━━━━━━━━━━━━━━━━━━━━━━━━━━━━━━━━━━━━━━━━━━━━━┛"
"  Enter  Select   s  Sort   Tab  Focus   Ctrl+P  Palette                        "
"                                                                                "
"                                                                                "
"                                                                                "
"                                                                                "
"                                                                                "
"                                                                                "
"                                                                                "
"                                                                                "
