---
source: src/tui/keys.rs
expression: terminal.backend()
---
"┌──────────────────────────────────────────────────────────────────────────────────────────────────────────────────────┐"
"│Key Management                                                                                                        │"
"└──────────────────────────────────────────────────────────────────────────────────────────────────────────────────────┘"
"┌Keys on Card──────────────────────────────────────────────────────────────────────────────────────────────────────────┐"
"│No YubiKey detected. Press 'R' to refresh.                                                                            │"
"│                                                                                                                      │"
"│                                                                                                                      │"
"│                                                                                                                      │"
"│                                                                                                                      │"
"│                                                                                                                      │"
"│                                                                                                                      │"
"│                                                                                                                      │"
"│                                                                                                                      │"
"│                                                                                                                      │"
"│                                                                                                                      │"
"│                                                                                                                      │"
"│                                                                                                                      │"
"│                                                                                                                      │"
"│                                                                                                                      │"
"│                                                                                                                      │"
"│                                                                                                                      │"
"│                                                                                                                      │"
"│                                                                                                                      │"
"│                                                                                                                      │"
"│                                                                                                                      │"
"└──────────────────────────────────────────────────────────────────────────────────────────────────────────────────────┘"
"┌Actions───────────────────────────────────────────────────────────────────────────────────────────────────────────────┐"
"│[V] View full key details                                                                                             │"
"│[I] Import existing key to card                                                                                       │"
"│[G] Generate new key on card                                                                                          │"
"│[E] Export SSH public key                                                                                             │"
"│[K] Key attributes  [S] SSH pubkey                                                                                    │"
"│[T] Touch policy  [A] Attestation                                                                                     │"
"│                                                                                                                      │"
"│[ESC] Back to Dashboard                                                                                               │"
"│                                                                                                                      │"
"│                                                                                                                      │"
"│                                                                                                                      │"
"│                                                                                                                      │"
"└──────────────────────────────────────────────────────────────────────────────────────────────────────────────────────┘"
