---
source: src/tui/diagnostics.rs
expression: terminal.backend()
---
"┌──────────────────────────────────────────────────────────────────────────────────────────────────────────────────────┐"
"│System Diagnostics                                                                                                    │"
"└──────────────────────────────────────────────────────────────────────────────────────────────────────────────────────┘"
"┌──────────────────────────────────────────────────────────────────────────────────────────────────────────────────────┐"
"│✅ PC/SC Daemon (pcscd): Running                                                                                      │" Hidden by multi-width symbols: [(2, " ")]
"│   Version: mock                                                                                                      │"
"│                                                                                                                      │"
"│✅ GPG Agent: Running                                                                                                 │" Hidden by multi-width symbols: [(2, " ")]
"│   Version: mock                                                                                                      │"
"│                                                                                                                      │"
"│✅ Scdaemon: Configured                                                                                               │" Hidden by multi-width symbols: [(2, " ")]
"│                                                                                                                      │"
"│✅ SSH Agent Integration: Configured for GPG                                                                          │" Hidden by multi-width symbols: [(2, " ")]
"│                                                                                                                      │"
"│                                                                                                                      │"
"│                                                                                                                      │"
"│                                                                                                                      │"
"│                                                                                                                      │"
"│                                                                                                                      │"
"│                                                                                                                      │"
"│                                                                                                                      │"
"│                                                                                                                      │"
"│                                                                                                                      │"
"│                                                                                                                      │"
"│                                                                                                                      │"
"│                                                                                                                      │"
"│                                                                                                                      │"
"│                                                                                                                      │"
"│                                                                                                                      │"
"│                                                                                                                      │"
"│                                                                                                                      │"
"│                                                                                                                      │"
"│                                                                                                                      │"
"│                                                                                                                      │"
"│                                                                                                                      │"
"│                                                                                                                      │"
"│                                                                                                                      │"
"│                                                                                                                      │"
"│                                                                                                                      │"
"└──────────────────────────────────────────────────────────────────────────────────────────────────────────────────────┘"
