---
source: src/tui/fido2.rs
expression: app.backend()
---
"                              FIDO2 / Security Key                              "
"                                                                                "
"▀▀▀▀▀▀▀▀▀▀▀▀▀▀▀▀▀▀▀▀▀▀▀▀▀▀▀▀▀▀▀▀▀▀▀▀▀▀▀▀▀▀▀▀▀▀▀▀▀▀▀▀▀▀▀▀▀▀▀▀▀▀▀▀▀▀▀▀▀▀▀▀▀▀▀▀▀▀▀▀"
"▐ Firmware: 5.4.3                                                              ▌"
"▐ Algorithms: ES256, EdDSA                                                     ▌"
"▐ PIN: ✓ Set  (8 retries remaining)                                            ▌"
"▄▄▄▄▄▄▄▄▄▄▄▄▄▄▄▄▄▄▄▄▄▄▄▄▄▄▄▄▄▄▄▄▄▄▄▄▄▄▄▄▄▄▄▄▄▄▄▄▄▄▄▄▄▄▄▄▄▄▄▄▄▄▄▄▄▄▄▄▄▄▄▄▄▄▄▄▄▄▄▄"
"                                                                                "
"                                                                                "
"Passkeys locked. Press P to enter your PIN and view stored passkeys.            "
"                                                                                "
"                                                                                "
"                                                                                "
"▁▁▁▁▁▁▁▁▁▁▁▁▁▁▁▁ ▁▁▁▁▁▁▁▁▁▁▁▁▁▁▁▁                                               "
"▎  Change PIN  ▕ ▎Unlock Credent▕                                               "
"▔▔▔▔▔▔▔▔▔▔▔▔▔▔▔▔ ▔▔▔▔▔▔▔▔▔▔▔▔▔▔▔▔                                               "
"▁▁▁▁▁▁▁▁▁▁▁▁▁▁▁▁                                                                "
"▎ Reset FIDO2  ▕                                                                "
"▔▔▔▔▔▔▔▔▔▔▔▔▔▔▔▔                                                                "
"                                                                                "
"  Tab  Focus   Ctrl+P  Palette                                                  "
"                                                                                "
"                                                                                "
"                                                                                "
