---
source: src/tui/fido2.rs
expression: app.backend()
---
"                              FIDO2 / Security Key                              "
"                                                                                "
"Firmware: 5.4.3                                                                 "
"Algorithms: ES256, EdDSA                                                        "
"PIN: Set (8 retries remaining)                                                  "
"                                                                                "
"Credentials locked -- press P to authenticate                                   "
"                                                                                "
"  Tab  Focus   Ctrl+P  Palette                                                  "
"                                                                                "
"                                                                                "
"                                                                                "
"                                                                                "
"                                                                                "
"                                                                                "
"                                                                                "
"                                                                                "
"                                                                                "
"                                                                                "
"                                                                                "
"                                                                                "
"                                                                                "
"                                                                                "
"                                                                                "
