---
source: src/tui/help.rs
expression: app.backend()
---
" Global Keybindings                                                             "
"  1-9          Switch screen (Keys / Diagnostics / PIN / SSH / PIV / Help / OATH"
"  r            Refresh YubiKey status and diagnostics                           "
"  ?            Toggle this help screen                                          "
"  q / Esc      Quit (from Dashboard) or go back                                 "
"  m / Enter    Open navigation menu (Dashboard)                                 "
"                                                                                "
" Key Management (Screen 1)                                                      "
"  v            View full card status                                            "
"  i            Import existing key to card                                      "
"  g            Generate new key on card                                         "
"  e            Export SSH public key                                            "
"  Up/Down      Select key (in import view)                                      "
"  Enter        Execute selected operation                                       "
"                                                                                "
" PIN Management (Screen 3)                                                      "
"  c            Change user PIN                                                  "
"  a            Change admin PIN                                                 "
"  r            Set reset code                                                   "
"  u            Unblock user PIN                                                 "
"  Enter        Execute selected operation                                       "
"                                                                                "
" SSH Wizard (Screen 4)                                                          "
"  1-5          Select wizard step                                               "
