---
source: src/tui/glossary.rs
expression: app.backend()
---
"                               Protocol Glossary                                "
"Protocol Glossary                                                               "
"                                                                                "
"PIV (Personal Identity Verification)                                            "
"                                                                                "
"Smart card standard for X.509 certificates and key storage. Used for code signin"
"                                                                                "
"FIDO2 / WebAuthn                                                                "
"                                                                                "
"Hardware passkey standard. Phishing-resistant -- the key verifies the website's "
"                                                                                "
"FIDO U2F (Universal 2nd Factor)                                                 "
"                                                                                "
"Original FIDO standard. Adds a hardware second factor to password login. Predece"
"                                                                                "
"OpenPGP / PGP                                                                   "
"                                                                                "
"Encryption and signing standard. Your YubiKey stores private keys for email encr"
"                                                                                "
"SSH (Secure Shell)                                                              "
"                                                                                "
"Remote server access. YubiKey can hold your SSH private key via the OpenPGP auth"
"                                                                                "
"  Tab  Focus   Ctrl+P  Palette                                                  "
