---
source: src/tui/keys.rs
expression: terminal.backend()
---
"┌──────────────────────────────────────────────────────────────────────────────────────────────────────────────────────┐"
"│Import Key to YubiKey                                                                                                 │"
"└──────────────────────────────────────────────────────────────────────────────────────────────────────────────────────┘"
"┌──────────────────────────────────────────────────────────────────────────────────────────────────────────────────────┐"
"│This will launch GPG to import an existing key to your YubiKey.                                                       │"
"│Prerequisites:                                                                                                        │"
"│- You must have a GPG key already generated                                                                           │"
"│- The key must be in your GPG keyring                                                                                 │"
"└──────────────────────────────────────────────────────────────────────────────────────────────────────────────────────┘"
"┌Available Keys────────────────────────────────────────────────────────────────────────────────────────────────────────┐"
"│No GPG keys found in keyring.                                                                                         │"
"│Generate a key first, or import one with: gpg --import <file>                                                         │"
"│                                                                                                                      │"
"│                                                                                                                      │"
"│                                                                                                                      │"
"│                                                                                                                      │"
"│                                                                                                                      │"
"│                                                                                                                      │"
"│                                                                                                                      │"
"│                                                                                                                      │"
"│                                                                                                                      │"
"│                                                                                                                      │"
"│                                                                                                                      │"
"│                                                                                                                      │"
"│                                                                                                                      │"
"│                                                                                                                      │"
"│                                                                                                                      │"
"│                                                                                                                      │"
"│                                                                                                                      │"
"│                                                                                                                      │"
"│                                                                                                                      │"
"│                                                                                                                      │"
"│                                                                                                                      │"
"│                                                                                                                      │"
"│                                                                                                                      │"
"│                                                                                                                      │"
"└──────────────────────────────────────────────────────────────────────────────────────────────────────────────────────┘"
"┌──────────────────────────────────────────────────────────────────────────────────────────────────────────────────────┐"
"│Use Up/Down to select, Enter to import, Esc to cancel                                                                 │"
"└──────────────────────────────────────────────────────────────────────────────────────────────────────────────────────┘"
