---
source: src/tui/pin.rs
expression: terminal.backend()
---
"┌──────────────────────────────────────────────────────────────────────────────────────────────────────────────────────┐"
"│PIN Management                                                                                                        │"
"└──────────────────────────────────────────────────────────────────────────────────────────────────────────────────────┘"
"┌Status────────────────────────────────────────────────────────────────────────────────────────────────────────────────┐"
"│No YubiKey detected. Press 'R' to refresh.                                                                            │"
"│                                                                                                                      │"
"│                                                                                                                      │"
"│                                                                                                                      │"
"│                                                                                                                      │"
"│                                                                                                                      │"
"│                                                                                                                      │"
"│                                                                                                                      │"
"│                                                                                                                      │"
"│                                                                                                                      │"
"│                                                                                                                      │"
"│                                                                                                                      │"
"│                                                                                                                      │"
"│                                                                                                                      │"
"│                                                                                                                      │"
"│                                                                                                                      │"
"│                                                                                                                      │"
"│                                                                                                                      │"
"│                                                                                                                      │"
"│                                                                                                                      │"
"│                                                                                                                      │"
"│                                                                                                                      │"
"│                                                                                                                      │"
"│                                                                                                                      │"
"│                                                                                                                      │"
"└──────────────────────────────────────────────────────────────────────────────────────────────────────────────────────┘"
"┌Actions───────────────────────────────────────────────────────────────────────────────────────────────────────────────┐"
"│[C] Change User PIN                                                                                                   │"
"│[A] Change Admin PIN                                                                                                  │"
"│[R] Set Reset Code                                                                                                    │"
"│[U] Unblock User PIN (Wizard)                                                                                         │"
"│                                                                                                                      │"
"│[ESC] Back to Dashboard                                                                                               │"
"│                                                                                                                      │"
"│                                                                                                                      │"
"└──────────────────────────────────────────────────────────────────────────────────────────────────────────────────────┘"
